// Jest Snapshot v1, https://goo.gl/fbAQLP

exports[`renders the home component 1`] = `
<div>
  <main
    id="home"
  >
    <h1>
      Hoarder Digital
    </h1>
    <p>
      Photo by: 
      <a
        href="https://www.pexels.com/@n-voitkevich/"
      >
        Nataliya Vaitkevich
      </a>
    </p>
  </main>
</div>
`;
