// Jest Snapshot v1, https://goo.gl/fbAQLP

exports[`ProductCard component Renders the card of the product 1`] = `
<div>
  <div
    class="card"
  >
    <img
      alt="Black Motorbike"
      src="https://i.dummyjson.com/data/products/91/1.jpg"
    />
    <h4>
      Black Motorbike
    </h4>
    <p>
      Engine Type:Wet sump, Single Cylinder, Four Stroke, Two Valves, Air Cooled with SOHC (Single Over Head Cam) Chain Drive Bore & Stroke:47.0 x 49.5 MM
    </p>
    <p>
      $ 
      569
      .00
    </p>
    <div
      class="qtyContainer"
    >
      <label
        for="qty"
      >
        Qty:
        <input
          id="qty"
          inputmode="numeric"
          placeholder="0"
          type="text"
          value=""
        />
      </label>
      <button
        class="increment"
      >
        +
      </button>
      <button
        class="decrement"
      >
        -
      </button>
    </div>
    <p
      class="totalCost"
    >
      $ 
      0
      .00
    </p>
    <button
      class="addToCart"
    >
      Add to Cart
    </button>
  </div>
</div>
`;
